
Information: Checking generated_clocks...

Information: Checking loops...

Information: Checking no_input_delay...

Information: Checking unconstrained_endpoints...

Warning: The following end-points are not constrained for maximum delay.

End point
---------------
EX_inst/div_dividend_o_reg[0]/D
EX_inst/div_dividend_o_reg[1]/D
EX_inst/div_dividend_o_reg[2]/D
EX_inst/div_dividend_o_reg[3]/D
EX_inst/div_dividend_o_reg[4]/D
EX_inst/div_dividend_o_reg[5]/D
EX_inst/div_dividend_o_reg[6]/D
EX_inst/div_dividend_o_reg[7]/D
EX_inst/div_dividend_o_reg[8]/D
EX_inst/div_dividend_o_reg[9]/D
EX_inst/div_dividend_o_reg[10]/D
EX_inst/div_dividend_o_reg[11]/D
EX_inst/div_dividend_o_reg[12]/D
EX_inst/div_dividend_o_reg[13]/D
EX_inst/div_dividend_o_reg[14]/D
EX_inst/div_dividend_o_reg[15]/D
EX_inst/div_dividend_o_reg[16]/D
EX_inst/div_dividend_o_reg[17]/D
EX_inst/div_dividend_o_reg[18]/D
EX_inst/div_dividend_o_reg[19]/D
EX_inst/div_dividend_o_reg[20]/D
EX_inst/div_dividend_o_reg[21]/D
EX_inst/div_dividend_o_reg[22]/D
EX_inst/div_dividend_o_reg[23]/D
EX_inst/div_dividend_o_reg[24]/D
EX_inst/div_dividend_o_reg[25]/D
EX_inst/div_dividend_o_reg[26]/D
EX_inst/div_dividend_o_reg[27]/D
EX_inst/div_dividend_o_reg[28]/D
EX_inst/div_dividend_o_reg[29]/D
EX_inst/div_dividend_o_reg[30]/D
EX_inst/div_dividend_o_reg[31]/D
EX_inst/div_dividend_o_reg[32]/D
EX_inst/div_dividend_o_reg[33]/D
EX_inst/div_dividend_o_reg[34]/D
EX_inst/div_dividend_o_reg[35]/D
EX_inst/div_dividend_o_reg[36]/D
EX_inst/div_dividend_o_reg[37]/D
EX_inst/div_dividend_o_reg[38]/D
EX_inst/div_dividend_o_reg[39]/D
EX_inst/div_dividend_o_reg[40]/D
EX_inst/div_dividend_o_reg[41]/D
EX_inst/div_dividend_o_reg[42]/D
EX_inst/div_dividend_o_reg[43]/D
EX_inst/div_dividend_o_reg[44]/D
EX_inst/div_dividend_o_reg[45]/D
EX_inst/div_dividend_o_reg[46]/D
EX_inst/div_dividend_o_reg[47]/D
EX_inst/div_dividend_o_reg[48]/D
EX_inst/div_dividend_o_reg[49]/D
EX_inst/div_dividend_o_reg[50]/D
EX_inst/div_dividend_o_reg[51]/D
EX_inst/div_dividend_o_reg[52]/D
EX_inst/div_dividend_o_reg[53]/D
EX_inst/div_dividend_o_reg[54]/D
EX_inst/div_dividend_o_reg[55]/D
EX_inst/div_dividend_o_reg[56]/D
EX_inst/div_dividend_o_reg[57]/D
EX_inst/div_dividend_o_reg[58]/D
EX_inst/div_dividend_o_reg[59]/D
EX_inst/div_dividend_o_reg[60]/D
EX_inst/div_dividend_o_reg[61]/D
EX_inst/div_dividend_o_reg[62]/D
EX_inst/div_dividend_o_reg[63]/D
EX_inst/div_divisor_o_reg[0]/D
EX_inst/div_divisor_o_reg[1]/D
EX_inst/div_divisor_o_reg[2]/D
EX_inst/div_divisor_o_reg[3]/D
EX_inst/div_divisor_o_reg[4]/D
EX_inst/div_divisor_o_reg[5]/D
EX_inst/div_divisor_o_reg[6]/D
EX_inst/div_divisor_o_reg[7]/D
EX_inst/div_divisor_o_reg[8]/D
EX_inst/div_divisor_o_reg[9]/D
EX_inst/div_divisor_o_reg[10]/D
EX_inst/div_divisor_o_reg[11]/D
EX_inst/div_divisor_o_reg[12]/D
EX_inst/div_divisor_o_reg[13]/D
EX_inst/div_divisor_o_reg[14]/D
EX_inst/div_divisor_o_reg[15]/D
EX_inst/div_divisor_o_reg[16]/D
EX_inst/div_divisor_o_reg[17]/D
EX_inst/div_divisor_o_reg[18]/D
EX_inst/div_divisor_o_reg[19]/D
EX_inst/div_divisor_o_reg[20]/D
EX_inst/div_divisor_o_reg[21]/D
EX_inst/div_divisor_o_reg[22]/D
EX_inst/div_divisor_o_reg[23]/D
EX_inst/div_divisor_o_reg[24]/D
EX_inst/div_divisor_o_reg[25]/D
EX_inst/div_divisor_o_reg[26]/D
EX_inst/div_divisor_o_reg[27]/D
EX_inst/div_divisor_o_reg[28]/D
EX_inst/div_divisor_o_reg[29]/D
EX_inst/div_divisor_o_reg[30]/D
EX_inst/div_divisor_o_reg[31]/D
EX_inst/div_divisor_o_reg[32]/D
EX_inst/div_divisor_o_reg[33]/D
EX_inst/div_divisor_o_reg[34]/D
EX_inst/div_divisor_o_reg[35]/D
EX_inst/div_divisor_o_reg[36]/D
EX_inst/div_divisor_o_reg[37]/D
EX_inst/div_divisor_o_reg[38]/D
EX_inst/div_divisor_o_reg[39]/D
EX_inst/div_divisor_o_reg[40]/D
EX_inst/div_divisor_o_reg[41]/D
EX_inst/div_divisor_o_reg[42]/D
EX_inst/div_divisor_o_reg[43]/D
EX_inst/div_divisor_o_reg[44]/D
EX_inst/div_divisor_o_reg[45]/D
EX_inst/div_divisor_o_reg[46]/D
EX_inst/div_divisor_o_reg[47]/D
EX_inst/div_divisor_o_reg[48]/D
EX_inst/div_divisor_o_reg[49]/D
EX_inst/div_divisor_o_reg[50]/D
EX_inst/div_divisor_o_reg[51]/D
EX_inst/div_divisor_o_reg[52]/D
EX_inst/div_divisor_o_reg[53]/D
EX_inst/div_divisor_o_reg[54]/D
EX_inst/div_divisor_o_reg[55]/D
EX_inst/div_divisor_o_reg[56]/D
EX_inst/div_divisor_o_reg[57]/D
EX_inst/div_divisor_o_reg[58]/D
EX_inst/div_divisor_o_reg[59]/D
EX_inst/div_divisor_o_reg[60]/D
EX_inst/div_divisor_o_reg[61]/D
EX_inst/div_divisor_o_reg[62]/D
EX_inst/div_divisor_o_reg[63]/D
EX_inst/div_op_o_reg[0]/D
EX_inst/div_op_o_reg[1]/D
EX_inst/div_op_o_reg[2]/D
EX_inst/div_op_o_reg[3]/D
EX_inst/div_op_o_reg[4]/D
EX_inst/div_op_o_reg[5]/D
EX_inst/div_op_o_reg[6]/D
EX_inst/div_op_o_reg[7]/D
EX_inst/div_op_o_reg[8]/D
EX_inst/div_op_o_reg[9]/D
EX_inst/div_reg_waddr_reg[0]/D
EX_inst/div_reg_waddr_reg[1]/D
EX_inst/div_reg_waddr_reg[2]/D
EX_inst/div_reg_waddr_reg[3]/D
EX_inst/div_reg_waddr_reg[4]/D
EX_inst/mult_op1_o_reg[0]/D
EX_inst/mult_op1_o_reg[1]/D
EX_inst/mult_op1_o_reg[2]/D
EX_inst/mult_op1_o_reg[3]/D
EX_inst/mult_op1_o_reg[4]/D
EX_inst/mult_op1_o_reg[5]/D
EX_inst/mult_op1_o_reg[6]/D
EX_inst/mult_op1_o_reg[7]/D
EX_inst/mult_op1_o_reg[8]/D
EX_inst/mult_op1_o_reg[9]/D
EX_inst/mult_op1_o_reg[10]/D
EX_inst/mult_op1_o_reg[11]/D
EX_inst/mult_op1_o_reg[12]/D
EX_inst/mult_op1_o_reg[13]/D
EX_inst/mult_op1_o_reg[14]/D
EX_inst/mult_op1_o_reg[15]/D
EX_inst/mult_op1_o_reg[16]/D
EX_inst/mult_op1_o_reg[17]/D
EX_inst/mult_op1_o_reg[18]/D
EX_inst/mult_op1_o_reg[19]/D
EX_inst/mult_op1_o_reg[20]/D
EX_inst/mult_op1_o_reg[21]/D
EX_inst/mult_op1_o_reg[22]/D
EX_inst/mult_op1_o_reg[23]/D
EX_inst/mult_op1_o_reg[24]/D
EX_inst/mult_op1_o_reg[25]/D
EX_inst/mult_op1_o_reg[26]/D
EX_inst/mult_op1_o_reg[27]/D
EX_inst/mult_op1_o_reg[28]/D
EX_inst/mult_op1_o_reg[29]/D
EX_inst/mult_op1_o_reg[30]/D
EX_inst/mult_op1_o_reg[31]/D
EX_inst/mult_op1_o_reg[32]/D
EX_inst/mult_op1_o_reg[33]/D
EX_inst/mult_op1_o_reg[34]/D
EX_inst/mult_op1_o_reg[35]/D
EX_inst/mult_op1_o_reg[36]/D
EX_inst/mult_op1_o_reg[37]/D
EX_inst/mult_op1_o_reg[38]/D
EX_inst/mult_op1_o_reg[39]/D
EX_inst/mult_op1_o_reg[40]/D
EX_inst/mult_op1_o_reg[41]/D
EX_inst/mult_op1_o_reg[42]/D
EX_inst/mult_op1_o_reg[43]/D
EX_inst/mult_op1_o_reg[44]/D
EX_inst/mult_op1_o_reg[45]/D
EX_inst/mult_op1_o_reg[46]/D
EX_inst/mult_op1_o_reg[47]/D
EX_inst/mult_op1_o_reg[48]/D
EX_inst/mult_op1_o_reg[49]/D
EX_inst/mult_op1_o_reg[50]/D
EX_inst/mult_op1_o_reg[51]/D
EX_inst/mult_op1_o_reg[52]/D
EX_inst/mult_op1_o_reg[53]/D
EX_inst/mult_op1_o_reg[54]/D
EX_inst/mult_op1_o_reg[55]/D
EX_inst/mult_op1_o_reg[56]/D
EX_inst/mult_op1_o_reg[57]/D
EX_inst/mult_op1_o_reg[58]/D
EX_inst/mult_op1_o_reg[59]/D
EX_inst/mult_op1_o_reg[60]/D
EX_inst/mult_op1_o_reg[61]/D
EX_inst/mult_op1_o_reg[62]/D
EX_inst/mult_op1_o_reg[63]/D
EX_inst/mult_op2_o_reg[0]/D
EX_inst/mult_op2_o_reg[1]/D
EX_inst/mult_op2_o_reg[2]/D
EX_inst/mult_op2_o_reg[3]/D
EX_inst/mult_op2_o_reg[4]/D
EX_inst/mult_op2_o_reg[5]/D
EX_inst/mult_op2_o_reg[6]/D
EX_inst/mult_op2_o_reg[7]/D
EX_inst/mult_op2_o_reg[8]/D
EX_inst/mult_op2_o_reg[9]/D
EX_inst/mult_op2_o_reg[10]/D
EX_inst/mult_op2_o_reg[11]/D
EX_inst/mult_op2_o_reg[12]/D
EX_inst/mult_op2_o_reg[13]/D
EX_inst/mult_op2_o_reg[14]/D
EX_inst/mult_op2_o_reg[15]/D
EX_inst/mult_op2_o_reg[16]/D
EX_inst/mult_op2_o_reg[17]/D
EX_inst/mult_op2_o_reg[18]/D
EX_inst/mult_op2_o_reg[19]/D
EX_inst/mult_op2_o_reg[20]/D
EX_inst/mult_op2_o_reg[21]/D
EX_inst/mult_op2_o_reg[22]/D
EX_inst/mult_op2_o_reg[23]/D
EX_inst/mult_op2_o_reg[24]/D
EX_inst/mult_op2_o_reg[25]/D
EX_inst/mult_op2_o_reg[26]/D
EX_inst/mult_op2_o_reg[27]/D
EX_inst/mult_op2_o_reg[28]/D
EX_inst/mult_op2_o_reg[29]/D
EX_inst/mult_op2_o_reg[30]/D
EX_inst/mult_op2_o_reg[31]/D
EX_inst/mult_op2_o_reg[32]/D
EX_inst/mult_op2_o_reg[33]/D
EX_inst/mult_op2_o_reg[34]/D
EX_inst/mult_op2_o_reg[35]/D
EX_inst/mult_op2_o_reg[36]/D
EX_inst/mult_op2_o_reg[37]/D
EX_inst/mult_op2_o_reg[38]/D
EX_inst/mult_op2_o_reg[39]/D
EX_inst/mult_op2_o_reg[40]/D
EX_inst/mult_op2_o_reg[41]/D
EX_inst/mult_op2_o_reg[42]/D
EX_inst/mult_op2_o_reg[43]/D
EX_inst/mult_op2_o_reg[44]/D
EX_inst/mult_op2_o_reg[45]/D
EX_inst/mult_op2_o_reg[46]/D
EX_inst/mult_op2_o_reg[47]/D
EX_inst/mult_op2_o_reg[48]/D
EX_inst/mult_op2_o_reg[49]/D
EX_inst/mult_op2_o_reg[50]/D
EX_inst/mult_op2_o_reg[51]/D
EX_inst/mult_op2_o_reg[52]/D
EX_inst/mult_op2_o_reg[53]/D
EX_inst/mult_op2_o_reg[54]/D
EX_inst/mult_op2_o_reg[55]/D
EX_inst/mult_op2_o_reg[56]/D
EX_inst/mult_op2_o_reg[57]/D
EX_inst/mult_op2_o_reg[58]/D
EX_inst/mult_op2_o_reg[59]/D
EX_inst/mult_op2_o_reg[60]/D
EX_inst/mult_op2_o_reg[61]/D
EX_inst/mult_op2_o_reg[62]/D
EX_inst/mult_op2_o_reg[63]/D
EX_inst/mult_op_o_reg[0]/D
EX_inst/mult_op_o_reg[1]/D
EX_inst/mult_op_o_reg[2]/D
EX_inst/mult_op_o_reg[3]/D
EX_inst/mult_op_o_reg[4]/D
EX_inst/mult_op_o_reg[5]/D
EX_inst/mult_op_o_reg[6]/D
EX_inst/mult_op_o_reg[7]/D
EX_inst/mult_op_o_reg[8]/D
EX_inst/mult_op_o_reg[9]/D
EX_inst/mult_reg_waddr_reg[0]/D
EX_inst/mult_reg_waddr_reg[1]/D
EX_inst/mult_reg_waddr_reg[2]/D
EX_inst/mult_reg_waddr_reg[3]/D
EX_inst/mult_reg_waddr_reg[4]/D
ID_inst/addr_offset_o_reg[0]/D
ID_inst/addr_offset_o_reg[1]/D
ID_inst/addr_offset_o_reg[2]/D
ID_inst/addr_offset_o_reg[3]/D
ID_inst/addr_offset_o_reg[4]/D
ID_inst/addr_offset_o_reg[5]/D
ID_inst/addr_offset_o_reg[6]/D
ID_inst/addr_offset_o_reg[7]/D
ID_inst/addr_offset_o_reg[8]/D
ID_inst/addr_offset_o_reg[9]/D
ID_inst/addr_offset_o_reg[10]/D
ID_inst/addr_offset_o_reg[11]/D
ID_inst/addr_offset_o_reg[12]/D
ID_inst/addr_offset_o_reg[13]/D
ID_inst/addr_offset_o_reg[14]/D
ID_inst/addr_offset_o_reg[15]/D
ID_inst/addr_offset_o_reg[16]/D
ID_inst/addr_offset_o_reg[17]/D
ID_inst/addr_offset_o_reg[18]/D
ID_inst/addr_offset_o_reg[19]/D
ID_inst/addr_offset_o_reg[20]/D
ID_inst/addr_offset_o_reg[21]/D
ID_inst/addr_offset_o_reg[22]/D
ID_inst/addr_offset_o_reg[23]/D
ID_inst/addr_offset_o_reg[24]/D
ID_inst/addr_offset_o_reg[25]/D
ID_inst/addr_offset_o_reg[26]/D
ID_inst/addr_offset_o_reg[27]/D
ID_inst/addr_offset_o_reg[28]/D
ID_inst/addr_offset_o_reg[29]/D
ID_inst/addr_offset_o_reg[30]/D
ID_inst/addr_offset_o_reg[31]/D
ID_inst/addr_offset_o_reg[32]/D
ID_inst/addr_offset_o_reg[33]/D
ID_inst/addr_offset_o_reg[34]/D
ID_inst/addr_offset_o_reg[35]/D
ID_inst/addr_offset_o_reg[36]/D
ID_inst/addr_offset_o_reg[37]/D
ID_inst/addr_offset_o_reg[38]/D
ID_inst/addr_offset_o_reg[39]/D
ID_inst/addr_offset_o_reg[40]/D
ID_inst/addr_offset_o_reg[41]/D
ID_inst/addr_offset_o_reg[42]/D
ID_inst/addr_offset_o_reg[43]/D
ID_inst/addr_offset_o_reg[44]/D
ID_inst/addr_offset_o_reg[45]/D
ID_inst/addr_offset_o_reg[46]/D
ID_inst/addr_offset_o_reg[47]/D
ID_inst/addr_offset_o_reg[48]/D
ID_inst/addr_offset_o_reg[49]/D
ID_inst/addr_offset_o_reg[50]/D
ID_inst/addr_offset_o_reg[51]/D
ID_inst/addr_offset_o_reg[52]/D
ID_inst/addr_offset_o_reg[53]/D
ID_inst/addr_offset_o_reg[54]/D
ID_inst/addr_offset_o_reg[55]/D
ID_inst/addr_offset_o_reg[56]/D
ID_inst/addr_offset_o_reg[57]/D
ID_inst/addr_offset_o_reg[58]/D
ID_inst/addr_offset_o_reg[59]/D
ID_inst/addr_offset_o_reg[60]/D
ID_inst/addr_offset_o_reg[61]/D
ID_inst/addr_offset_o_reg[62]/D
ID_inst/addr_offset_o_reg[63]/D
ID_inst/base_addr_o_reg[0]/D
ID_inst/base_addr_o_reg[1]/D
ID_inst/base_addr_o_reg[2]/D
ID_inst/base_addr_o_reg[3]/D
ID_inst/base_addr_o_reg[4]/D
ID_inst/base_addr_o_reg[5]/D
ID_inst/base_addr_o_reg[6]/D
ID_inst/base_addr_o_reg[7]/D
ID_inst/base_addr_o_reg[8]/D
ID_inst/base_addr_o_reg[9]/D
ID_inst/base_addr_o_reg[10]/D
ID_inst/base_addr_o_reg[11]/D
ID_inst/base_addr_o_reg[12]/D
ID_inst/base_addr_o_reg[13]/D
ID_inst/base_addr_o_reg[14]/D
ID_inst/base_addr_o_reg[15]/D
ID_inst/base_addr_o_reg[16]/D
ID_inst/base_addr_o_reg[17]/D
ID_inst/base_addr_o_reg[18]/D
ID_inst/base_addr_o_reg[19]/D
ID_inst/base_addr_o_reg[20]/D
ID_inst/base_addr_o_reg[21]/D
ID_inst/base_addr_o_reg[22]/D
ID_inst/base_addr_o_reg[23]/D
ID_inst/base_addr_o_reg[24]/D
ID_inst/base_addr_o_reg[25]/D
ID_inst/base_addr_o_reg[26]/D
ID_inst/base_addr_o_reg[27]/D
ID_inst/base_addr_o_reg[28]/D
ID_inst/base_addr_o_reg[29]/D
ID_inst/base_addr_o_reg[30]/D
ID_inst/base_addr_o_reg[31]/D
ID_inst/base_addr_o_reg[32]/D
ID_inst/base_addr_o_reg[33]/D
ID_inst/base_addr_o_reg[34]/D
ID_inst/base_addr_o_reg[35]/D
ID_inst/base_addr_o_reg[36]/D
ID_inst/base_addr_o_reg[37]/D
ID_inst/base_addr_o_reg[38]/D
ID_inst/base_addr_o_reg[39]/D
ID_inst/base_addr_o_reg[40]/D
ID_inst/base_addr_o_reg[41]/D
ID_inst/base_addr_o_reg[42]/D
ID_inst/base_addr_o_reg[43]/D
ID_inst/base_addr_o_reg[44]/D
ID_inst/base_addr_o_reg[45]/D
ID_inst/base_addr_o_reg[46]/D
ID_inst/base_addr_o_reg[47]/D
ID_inst/base_addr_o_reg[48]/D
ID_inst/base_addr_o_reg[49]/D
ID_inst/base_addr_o_reg[50]/D
ID_inst/base_addr_o_reg[51]/D
ID_inst/base_addr_o_reg[52]/D
ID_inst/base_addr_o_reg[53]/D
ID_inst/base_addr_o_reg[54]/D
ID_inst/base_addr_o_reg[55]/D
ID_inst/base_addr_o_reg[56]/D
ID_inst/base_addr_o_reg[57]/D
ID_inst/base_addr_o_reg[58]/D
ID_inst/base_addr_o_reg[59]/D
ID_inst/base_addr_o_reg[60]/D
ID_inst/base_addr_o_reg[61]/D
ID_inst/base_addr_o_reg[62]/D
ID_inst/base_addr_o_reg[63]/D
ID_inst/op1_o_reg[0]/D
ID_inst/op1_o_reg[1]/D
ID_inst/op1_o_reg[2]/D
ID_inst/op1_o_reg[3]/D
ID_inst/op1_o_reg[4]/D
ID_inst/op1_o_reg[5]/D
ID_inst/op1_o_reg[6]/D
ID_inst/op1_o_reg[7]/D
ID_inst/op1_o_reg[8]/D
ID_inst/op1_o_reg[9]/D
ID_inst/op1_o_reg[10]/D
ID_inst/op1_o_reg[11]/D
ID_inst/op1_o_reg[12]/D
ID_inst/op1_o_reg[13]/D
ID_inst/op1_o_reg[14]/D
ID_inst/op1_o_reg[15]/D
ID_inst/op1_o_reg[16]/D
ID_inst/op1_o_reg[17]/D
ID_inst/op1_o_reg[18]/D
ID_inst/op1_o_reg[19]/D
ID_inst/op1_o_reg[20]/D
ID_inst/op1_o_reg[21]/D
ID_inst/op1_o_reg[22]/D
ID_inst/op1_o_reg[23]/D
ID_inst/op1_o_reg[24]/D
ID_inst/op1_o_reg[25]/D
ID_inst/op1_o_reg[26]/D
ID_inst/op1_o_reg[27]/D
ID_inst/op1_o_reg[28]/D
ID_inst/op1_o_reg[29]/D
ID_inst/op1_o_reg[30]/D
ID_inst/op1_o_reg[31]/D
ID_inst/op1_o_reg[32]/D
ID_inst/op1_o_reg[33]/D
ID_inst/op1_o_reg[34]/D
ID_inst/op1_o_reg[35]/D
ID_inst/op1_o_reg[36]/D
ID_inst/op1_o_reg[37]/D
ID_inst/op1_o_reg[38]/D
ID_inst/op1_o_reg[39]/D
ID_inst/op1_o_reg[40]/D
ID_inst/op1_o_reg[41]/D
ID_inst/op1_o_reg[42]/D
ID_inst/op1_o_reg[43]/D
ID_inst/op1_o_reg[44]/D
ID_inst/op1_o_reg[45]/D
ID_inst/op1_o_reg[46]/D
ID_inst/op1_o_reg[47]/D
ID_inst/op1_o_reg[48]/D
ID_inst/op1_o_reg[49]/D
ID_inst/op1_o_reg[50]/D
ID_inst/op1_o_reg[51]/D
ID_inst/op1_o_reg[52]/D
ID_inst/op1_o_reg[53]/D
ID_inst/op1_o_reg[54]/D
ID_inst/op1_o_reg[55]/D
ID_inst/op1_o_reg[56]/D
ID_inst/op1_o_reg[57]/D
ID_inst/op1_o_reg[58]/D
ID_inst/op1_o_reg[59]/D
ID_inst/op1_o_reg[60]/D
ID_inst/op1_o_reg[61]/D
ID_inst/op1_o_reg[62]/D
ID_inst/op1_o_reg[63]/D
ID_inst/op2_o_reg[0]/D
ID_inst/op2_o_reg[1]/D
ID_inst/op2_o_reg[2]/D
ID_inst/op2_o_reg[3]/D
ID_inst/op2_o_reg[4]/D
ID_inst/op2_o_reg[5]/D
ID_inst/op2_o_reg[6]/D
ID_inst/op2_o_reg[7]/D
ID_inst/op2_o_reg[8]/D
ID_inst/op2_o_reg[9]/D
ID_inst/op2_o_reg[10]/D
ID_inst/op2_o_reg[11]/D
ID_inst/op2_o_reg[12]/D
ID_inst/op2_o_reg[13]/D
ID_inst/op2_o_reg[14]/D
ID_inst/op2_o_reg[15]/D
ID_inst/op2_o_reg[16]/D
ID_inst/op2_o_reg[17]/D
ID_inst/op2_o_reg[18]/D
ID_inst/op2_o_reg[19]/D
ID_inst/op2_o_reg[20]/D
ID_inst/op2_o_reg[21]/D
ID_inst/op2_o_reg[22]/D
ID_inst/op2_o_reg[23]/D
ID_inst/op2_o_reg[24]/D
ID_inst/op2_o_reg[25]/D
ID_inst/op2_o_reg[26]/D
ID_inst/op2_o_reg[27]/D
ID_inst/op2_o_reg[28]/D
ID_inst/op2_o_reg[29]/D
ID_inst/op2_o_reg[30]/D
ID_inst/op2_o_reg[31]/D
ID_inst/op2_o_reg[32]/D
ID_inst/op2_o_reg[33]/D
ID_inst/op2_o_reg[34]/D
ID_inst/op2_o_reg[35]/D
ID_inst/op2_o_reg[36]/D
ID_inst/op2_o_reg[37]/D
ID_inst/op2_o_reg[38]/D
ID_inst/op2_o_reg[39]/D
ID_inst/op2_o_reg[40]/D
ID_inst/op2_o_reg[41]/D
ID_inst/op2_o_reg[42]/D
ID_inst/op2_o_reg[43]/D
ID_inst/op2_o_reg[44]/D
ID_inst/op2_o_reg[45]/D
ID_inst/op2_o_reg[46]/D
ID_inst/op2_o_reg[47]/D
ID_inst/op2_o_reg[48]/D
ID_inst/op2_o_reg[49]/D
ID_inst/op2_o_reg[50]/D
ID_inst/op2_o_reg[51]/D
ID_inst/op2_o_reg[52]/D
ID_inst/op2_o_reg[53]/D
ID_inst/op2_o_reg[54]/D
ID_inst/op2_o_reg[55]/D
ID_inst/op2_o_reg[56]/D
ID_inst/op2_o_reg[57]/D
ID_inst/op2_o_reg[58]/D
ID_inst/op2_o_reg[59]/D
ID_inst/op2_o_reg[60]/D
ID_inst/op2_o_reg[61]/D
ID_inst/op2_o_reg[62]/D
ID_inst/op2_o_reg[63]/D
ID_inst/rd_addr_o_reg[0]/D
ID_inst/rd_addr_o_reg[1]/D
ID_inst/rd_addr_o_reg[2]/D
ID_inst/rd_addr_o_reg[3]/D
ID_inst/rd_addr_o_reg[4]/D
ID_inst/reg_wen_reg/D
ID_inst/rs1_addr_o_reg[0]/D
ID_inst/rs1_addr_o_reg[1]/D
ID_inst/rs1_addr_o_reg[2]/D
ID_inst/rs1_addr_o_reg[3]/D
ID_inst/rs1_addr_o_reg[4]/D
ID_inst/rs2_addr_o_reg[0]/D
ID_inst/rs2_addr_o_reg[1]/D
ID_inst/rs2_addr_o_reg[2]/D
ID_inst/rs2_addr_o_reg[3]/D
ID_inst/rs2_addr_o_reg[4]/D

Information: Checking pulse_clock_cell_type...

Information: Checking no_driving_cell...

Information: Checking partial_input_delay...
1
