 
****************************************
Report : constraint
        -all_violators
Design : TOP_RISCV
Version: K-2015.06
Date   : Fri Apr  5 13:05:27 2024
****************************************


   max_transition

                             Required        Actual
   Net                      Transition     Transition        Slack
   -----------------------------------------------------------------
   cpu_jump                     0.20           0.42          -0.22  (VIOLATED)
       PORT :  cpu_jump         0.20           0.42          -0.22  (VIOLATED)
       PIN :   U29/ZN           0.20           0.42          -0.22  (VIOLATED)
   if_icache_req_addr[0]        0.20           0.42          -0.22  (VIOLATED)
       PIN :   IF_inst/U57/ZN
                                0.20           0.42          -0.22  (VIOLATED)
       PORT :  if_icache_req_addr[0]
                                0.20           0.42          -0.22  (VIOLATED)
   if_icache_req_addr[1]        0.20           0.42          -0.22  (VIOLATED)
       PIN :   IF_inst/U59/ZN
                                0.20           0.42          -0.22  (VIOLATED)
       PORT :  if_icache_req_addr[1]
                                0.20           0.42          -0.22  (VIOLATED)
   if_icache_req_addr[2]        0.20           0.42          -0.22  (VIOLATED)
       PIN :   IF_inst/U53/ZN
                                0.20           0.42          -0.22  (VIOLATED)
       PORT :  if_icache_req_addr[2]
                                0.20           0.42          -0.22  (VIOLATED)
   if_icache_req_addr[3]        0.20           0.42          -0.22  (VIOLATED)
       PIN :   IF_inst/U55/ZN
                                0.20           0.42          -0.22  (VIOLATED)
       PORT :  if_icache_req_addr[3]
                                0.20           0.42          -0.22  (VIOLATED)
   if_icache_req_addr[4]        0.20           0.42          -0.22  (VIOLATED)
       PIN :   IF_inst/U49/ZN
                                0.20           0.42          -0.22  (VIOLATED)
       PORT :  if_icache_req_addr[4]
                                0.20           0.42          -0.22  (VIOLATED)
   if_icache_req_addr[5]        0.20           0.42          -0.22  (VIOLATED)
       PIN :   IF_inst/U51/ZN
                                0.20           0.42          -0.22  (VIOLATED)
       PORT :  if_icache_req_addr[5]
                                0.20           0.42          -0.22  (VIOLATED)
   if_icache_req_addr[6]        0.20           0.42          -0.22  (VIOLATED)
       PIN :   IF_inst/U45/ZN
                                0.20           0.42          -0.22  (VIOLATED)
       PORT :  if_icache_req_addr[6]
                                0.20           0.42          -0.22  (VIOLATED)
   if_icache_req_addr[7]        0.20           0.42          -0.22  (VIOLATED)
       PIN :   IF_inst/U47/ZN
                                0.20           0.42          -0.22  (VIOLATED)
       PORT :  if_icache_req_addr[7]
                                0.20           0.42          -0.22  (VIOLATED)
   if_icache_req_addr[8]        0.20           0.42          -0.22  (VIOLATED)
       PIN :   IF_inst/U41/ZN
                                0.20           0.42          -0.22  (VIOLATED)
       PORT :  if_icache_req_addr[8]
                                0.20           0.42          -0.22  (VIOLATED)
   if_icache_req_addr[9]        0.20           0.42          -0.22  (VIOLATED)
       PIN :   IF_inst/U43/ZN
                                0.20           0.42          -0.22  (VIOLATED)
       PORT :  if_icache_req_addr[9]
                                0.20           0.42          -0.22  (VIOLATED)
   if_icache_req_addr[10]       0.20           0.42          -0.22  (VIOLATED)
       PIN :   IF_inst/U37/ZN
                                0.20           0.42          -0.22  (VIOLATED)
       PORT :  if_icache_req_addr[10]
                                0.20           0.42          -0.22  (VIOLATED)
   if_icache_req_addr[11]       0.20           0.42          -0.22  (VIOLATED)
       PIN :   IF_inst/U39/ZN
                                0.20           0.42          -0.22  (VIOLATED)
       PORT :  if_icache_req_addr[11]
                                0.20           0.42          -0.22  (VIOLATED)
   mem_dcache_data_write[0]     0.20           0.42          -0.22  (VIOLATED)
       PIN :   MEM_inst/U219/ZN
                                0.20           0.42          -0.22  (VIOLATED)
       PORT :  mem_dcache_data_write[0]
                                0.20           0.42          -0.22  (VIOLATED)
   mem_dcache_data_write[1]     0.20           0.42          -0.22  (VIOLATED)
       PORT :  mem_dcache_data_write[1]
                                0.20           0.42          -0.22  (VIOLATED)
       PIN :   U80/ZN           0.20           0.42          -0.22  (VIOLATED)
   mem_dcache_data_write[2]     0.20           0.42          -0.22  (VIOLATED)
       PORT :  mem_dcache_data_write[2]
                                0.20           0.42          -0.22  (VIOLATED)
       PIN :   U82/ZN           0.20           0.42          -0.22  (VIOLATED)
   mem_dcache_data_write[3]     0.20           0.42          -0.22  (VIOLATED)
       PIN :   MEM_inst/U218/ZN
                                0.20           0.42          -0.22  (VIOLATED)
       PORT :  mem_dcache_data_write[3]
                                0.20           0.42          -0.22  (VIOLATED)
   mem_dcache_data_write[4]     0.20           0.42          -0.22  (VIOLATED)
       PORT :  mem_dcache_data_write[4]
                                0.20           0.42          -0.22  (VIOLATED)
       PIN :   U84/ZN           0.20           0.42          -0.22  (VIOLATED)
   mem_dcache_data_write[5]     0.20           0.42          -0.22  (VIOLATED)
       PIN :   MEM_inst/U217/ZN
                                0.20           0.42          -0.22  (VIOLATED)
       PORT :  mem_dcache_data_write[5]
                                0.20           0.42          -0.22  (VIOLATED)
   mem_dcache_data_write[6]     0.20           0.42          -0.22  (VIOLATED)
       PORT :  mem_dcache_data_write[6]
                                0.20           0.42          -0.22  (VIOLATED)
       PIN :   U86/ZN           0.20           0.42          -0.22  (VIOLATED)
   mem_dcache_data_write[7]     0.20           0.42          -0.22  (VIOLATED)
       PIN :   MEM_inst/U216/ZN
                                0.20           0.42          -0.22  (VIOLATED)
       PORT :  mem_dcache_data_write[7]
                                0.20           0.42          -0.22  (VIOLATED)
   mem_dcache_data_write[8]     0.20           0.42          -0.22  (VIOLATED)
       PORT :  mem_dcache_data_write[8]
                                0.20           0.42          -0.22  (VIOLATED)
       PIN :   U88/ZN           0.20           0.42          -0.22  (VIOLATED)
   mem_dcache_data_write[9]     0.20           0.42          -0.22  (VIOLATED)
       PIN :   MEM_inst/U214/ZN
                                0.20           0.42          -0.22  (VIOLATED)
       PORT :  mem_dcache_data_write[9]
                                0.20           0.42          -0.22  (VIOLATED)
   mem_dcache_data_write[10]
                                0.20           0.42          -0.22  (VIOLATED)
       PORT :  mem_dcache_data_write[10]
                                0.20           0.42          -0.22  (VIOLATED)
       PIN :   U90/ZN           0.20           0.42          -0.22  (VIOLATED)
   mem_dcache_data_write[11]
                                0.20           0.42          -0.22  (VIOLATED)
       PIN :   MEM_inst/U215/ZN
                                0.20           0.42          -0.22  (VIOLATED)
       PORT :  mem_dcache_data_write[11]
                                0.20           0.42          -0.22  (VIOLATED)
   mem_dcache_data_write[12]
                                0.20           0.42          -0.22  (VIOLATED)
       PORT :  mem_dcache_data_write[12]
                                0.20           0.42          -0.22  (VIOLATED)
       PIN :   U92/ZN           0.20           0.42          -0.22  (VIOLATED)
   mem_dcache_data_write[13]
                                0.20           0.42          -0.22  (VIOLATED)
       PIN :   MEM_inst/U213/ZN
                                0.20           0.42          -0.22  (VIOLATED)
       PORT :  mem_dcache_data_write[13]
                                0.20           0.42          -0.22  (VIOLATED)
   mem_dcache_data_write[14]
                                0.20           0.42          -0.22  (VIOLATED)
       PORT :  mem_dcache_data_write[14]
                                0.20           0.42          -0.22  (VIOLATED)
       PIN :   U110/ZN          0.20           0.42          -0.22  (VIOLATED)
   mem_dcache_data_write[15]
                                0.20           0.42          -0.22  (VIOLATED)
       PORT :  mem_dcache_data_write[15]
                                0.20           0.42          -0.22  (VIOLATED)
       PIN :   U112/ZN          0.20           0.42          -0.22  (VIOLATED)
   mem_dcache_data_write[16]
                                0.20           0.42          -0.22  (VIOLATED)
       PIN :   MEM_inst/U200/ZN
                                0.20           0.42          -0.22  (VIOLATED)
       PORT :  mem_dcache_data_write[16]
                                0.20           0.42          -0.22  (VIOLATED)
   mem_dcache_data_write[17]
                                0.20           0.42          -0.22  (VIOLATED)
       PORT :  mem_dcache_data_write[17]
                                0.20           0.42          -0.22  (VIOLATED)
       PIN :   U94/ZN           0.20           0.42          -0.22  (VIOLATED)
   mem_dcache_data_write[18]
                                0.20           0.42          -0.22  (VIOLATED)
       PIN :   MEM_inst/U347/ZN
                                0.20           0.42          -0.22  (VIOLATED)
       PORT :  mem_dcache_data_write[18]
                                0.20           0.42          -0.22  (VIOLATED)
   mem_dcache_data_write[19]
                                0.20           0.42          -0.22  (VIOLATED)
       PORT :  mem_dcache_data_write[19]
                                0.20           0.42          -0.22  (VIOLATED)
       PIN :   U96/ZN           0.20           0.42          -0.22  (VIOLATED)
   mem_dcache_data_write[20]
                                0.20           0.42          -0.22  (VIOLATED)
       PIN :   MEM_inst/U357/ZN
                                0.20           0.42          -0.22  (VIOLATED)
       PORT :  mem_dcache_data_write[20]
                                0.20           0.42          -0.22  (VIOLATED)
   mem_dcache_data_write[21]
                                0.20           0.42          -0.22  (VIOLATED)
       PORT :  mem_dcache_data_write[21]
                                0.20           0.42          -0.22  (VIOLATED)
       PIN :   U98/ZN           0.20           0.42          -0.22  (VIOLATED)
   mem_dcache_data_write[22]
                                0.20           0.42          -0.22  (VIOLATED)
       PIN :   MEM_inst/U335/ZN
                                0.20           0.42          -0.22  (VIOLATED)
       PORT :  mem_dcache_data_write[22]
                                0.20           0.42          -0.22  (VIOLATED)
   mem_dcache_data_write[23]
                                0.20           0.42          -0.22  (VIOLATED)
       PORT :  mem_dcache_data_write[23]
                                0.20           0.42          -0.22  (VIOLATED)
       PIN :   U100/ZN          0.20           0.42          -0.22  (VIOLATED)
   mem_dcache_data_write[24]
                                0.20           0.42          -0.22  (VIOLATED)
       PIN :   MEM_inst/U372/ZN
                                0.20           0.42          -0.22  (VIOLATED)
       PORT :  mem_dcache_data_write[24]
                                0.20           0.42          -0.22  (VIOLATED)
   mem_dcache_data_write[25]
                                0.20           0.42          -0.22  (VIOLATED)
       PORT :  mem_dcache_data_write[25]
                                0.20           0.42          -0.22  (VIOLATED)
       PIN :   U102/ZN          0.20           0.42          -0.22  (VIOLATED)
   mem_dcache_data_write[26]
                                0.20           0.42          -0.22  (VIOLATED)
       PIN :   MEM_inst/U327/ZN
                                0.20           0.42          -0.22  (VIOLATED)
       PORT :  mem_dcache_data_write[26]
                                0.20           0.42          -0.22  (VIOLATED)
   mem_dcache_data_write[27]
                                0.20           0.42          -0.22  (VIOLATED)
       PORT :  mem_dcache_data_write[27]
                                0.20           0.42          -0.22  (VIOLATED)
       PIN :   U104/ZN          0.20           0.42          -0.22  (VIOLATED)
   mem_dcache_data_write[28]
                                0.20           0.42          -0.22  (VIOLATED)
       PIN :   MEM_inst/U318/ZN
                                0.20           0.42          -0.22  (VIOLATED)
       PORT :  mem_dcache_data_write[28]
                                0.20           0.42          -0.22  (VIOLATED)
   mem_dcache_data_write[29]
                                0.20           0.42          -0.22  (VIOLATED)
       PORT :  mem_dcache_data_write[29]
                                0.20           0.42          -0.22  (VIOLATED)
       PIN :   U106/ZN          0.20           0.42          -0.22  (VIOLATED)
   mem_dcache_data_write[30]
                                0.20           0.42          -0.22  (VIOLATED)
       PIN :   MEM_inst/U310/ZN
                                0.20           0.42          -0.22  (VIOLATED)
       PORT :  mem_dcache_data_write[30]
                                0.20           0.42          -0.22  (VIOLATED)
   mem_dcache_data_write[31]
                                0.20           0.42          -0.22  (VIOLATED)
       PORT :  mem_dcache_data_write[31]
                                0.20           0.42          -0.22  (VIOLATED)
       PIN :   U108/ZN          0.20           0.42          -0.22  (VIOLATED)
   mem_dcache_data_write[32]
                                0.20           0.42          -0.22  (VIOLATED)
       PIN :   MEM_inst/U392/ZN
                                0.20           0.42          -0.22  (VIOLATED)
       PORT :  mem_dcache_data_write[32]
                                0.20           0.42          -0.22  (VIOLATED)
   mem_dcache_data_write[33]
                                0.20           0.42          -0.22  (VIOLATED)
       PIN :   MEM_inst/U355/ZN
                                0.20           0.42          -0.22  (VIOLATED)
       PORT :  mem_dcache_data_write[33]
                                0.20           0.42          -0.22  (VIOLATED)
   mem_dcache_data_write[34]
                                0.20           0.42          -0.22  (VIOLATED)
       PIN :   MEM_inst/U333/ZN
                                0.20           0.42          -0.22  (VIOLATED)
       PORT :  mem_dcache_data_write[34]
                                0.20           0.42          -0.22  (VIOLATED)
   mem_dcache_data_write[35]
                                0.20           0.42          -0.22  (VIOLATED)
       PIN :   MEM_inst/U366/ZN
                                0.20           0.42          -0.22  (VIOLATED)
       PORT :  mem_dcache_data_write[35]
                                0.20           0.42          -0.22  (VIOLATED)
   mem_dcache_data_write[36]
                                0.20           0.42          -0.22  (VIOLATED)
       PIN :   MEM_inst/U325/ZN
                                0.20           0.42          -0.22  (VIOLATED)
       PORT :  mem_dcache_data_write[36]
                                0.20           0.42          -0.22  (VIOLATED)
   mem_dcache_data_write[37]
                                0.20           0.42          -0.22  (VIOLATED)
       PIN :   MEM_inst/U340/ZN
                                0.20           0.42          -0.22  (VIOLATED)
       PORT :  mem_dcache_data_write[37]
                                0.20           0.42          -0.22  (VIOLATED)
   mem_dcache_data_write[38]
                                0.20           0.42          -0.22  (VIOLATED)
       PIN :   MEM_inst/U316/ZN
                                0.20           0.42          -0.22  (VIOLATED)
       PORT :  mem_dcache_data_write[38]
                                0.20           0.42          -0.22  (VIOLATED)
   mem_dcache_data_write[39]
                                0.20           0.42          -0.22  (VIOLATED)
       PIN :   MEM_inst/U301/ZN
                                0.20           0.42          -0.22  (VIOLATED)
       PORT :  mem_dcache_data_write[39]
                                0.20           0.42          -0.22  (VIOLATED)
   mem_dcache_data_write[40]
                                0.20           0.42          -0.22  (VIOLATED)
       PIN :   MEM_inst/U295/ZN
                                0.20           0.42          -0.22  (VIOLATED)
       PORT :  mem_dcache_data_write[40]
                                0.20           0.42          -0.22  (VIOLATED)
   mem_dcache_data_write[41]
                                0.20           0.42          -0.22  (VIOLATED)
       PIN :   MEM_inst/U289/ZN
                                0.20           0.42          -0.22  (VIOLATED)
       PORT :  mem_dcache_data_write[41]
                                0.20           0.42          -0.22  (VIOLATED)
   mem_dcache_data_write[42]
                                0.20           0.42          -0.22  (VIOLATED)
       PORT :  mem_dcache_data_write[42]
                                0.20           0.42          -0.22  (VIOLATED)
       PIN :   U116/ZN          0.20           0.42          -0.22  (VIOLATED)
   mem_dcache_data_write[43]
                                0.20           0.42          -0.22  (VIOLATED)
       PORT :  mem_dcache_data_write[43]
                                0.20           0.42          -0.22  (VIOLATED)
       PIN :   U114/ZN          0.20           0.42          -0.22  (VIOLATED)
   mem_dcache_data_write[44]
                                0.20           0.42          -0.22  (VIOLATED)
       PIN :   MEM_inst/U391/ZN
                                0.20           0.42          -0.22  (VIOLATED)
       PORT :  mem_dcache_data_write[44]
                                0.20           0.42          -0.22  (VIOLATED)
   mem_dcache_data_write[45]
                                0.20           0.42          -0.22  (VIOLATED)
       PIN :   MEM_inst/U284/ZN
                                0.20           0.42          -0.22  (VIOLATED)
       PORT :  mem_dcache_data_write[45]
                                0.20           0.42          -0.22  (VIOLATED)
   mem_dcache_data_write[46]
                                0.20           0.42          -0.22  (VIOLATED)
       PIN :   MEM_inst/U277/ZN
                                0.20           0.42          -0.22  (VIOLATED)
       PORT :  mem_dcache_data_write[46]
                                0.20           0.42          -0.22  (VIOLATED)
   mem_dcache_data_write[47]
                                0.20           0.42          -0.22  (VIOLATED)
       PIN :   MEM_inst/U201/ZN
                                0.20           0.42          -0.22  (VIOLATED)
       PORT :  mem_dcache_data_write[47]
                                0.20           0.42          -0.22  (VIOLATED)
   mem_dcache_data_write[48]
                                0.20           0.42          -0.22  (VIOLATED)
       PIN :   MEM_inst/U199/ZN
                                0.20           0.42          -0.22  (VIOLATED)
       PORT :  mem_dcache_data_write[48]
                                0.20           0.42          -0.22  (VIOLATED)
   mem_dcache_data_write[49]
                                0.20           0.42          -0.22  (VIOLATED)
       PORT :  mem_dcache_data_write[49]
                                0.20           0.42          -0.22  (VIOLATED)
       PIN :   U118/ZN          0.20           0.42          -0.22  (VIOLATED)
   mem_dcache_data_write[50]
                                0.20           0.42          -0.22  (VIOLATED)
       PIN :   MEM_inst/U359/ZN
                                0.20           0.42          -0.22  (VIOLATED)
       PORT :  mem_dcache_data_write[50]
                                0.20           0.42          -0.22  (VIOLATED)
   mem_dcache_data_write[51]
                                0.20           0.42          -0.22  (VIOLATED)
       PORT :  mem_dcache_data_write[51]
                                0.20           0.42          -0.22  (VIOLATED)
       PIN :   U120/ZN          0.20           0.42          -0.22  (VIOLATED)
   mem_dcache_data_write[52]
                                0.20           0.42          -0.22  (VIOLATED)
       PIN :   MEM_inst/U349/ZN
                                0.20           0.42          -0.22  (VIOLATED)
       PORT :  mem_dcache_data_write[52]
                                0.20           0.42          -0.22  (VIOLATED)
   mem_dcache_data_write[53]
                                0.20           0.42          -0.22  (VIOLATED)
       PIN :   MEM_inst/U382/ZN
                                0.20           0.42          -0.22  (VIOLATED)
       PORT :  mem_dcache_data_write[53]
                                0.20           0.42          -0.22  (VIOLATED)
   mem_dcache_data_write[54]
                                0.20           0.42          -0.22  (VIOLATED)
       PORT :  mem_dcache_data_write[54]
                                0.20           0.42          -0.22  (VIOLATED)
       PIN :   U122/ZN          0.20           0.42          -0.22  (VIOLATED)
   mem_dcache_data_write[55]
                                0.20           0.42          -0.22  (VIOLATED)
       PIN :   MEM_inst/U337/ZN
                                0.20           0.42          -0.22  (VIOLATED)
       PORT :  mem_dcache_data_write[55]
                                0.20           0.42          -0.22  (VIOLATED)
   mem_dcache_data_write[56]
                                0.20           0.42          -0.22  (VIOLATED)
       PORT :  mem_dcache_data_write[56]
                                0.20           0.42          -0.22  (VIOLATED)
       PIN :   U124/ZN          0.20           0.42          -0.22  (VIOLATED)
   mem_dcache_data_write[57]
                                0.20           0.42          -0.22  (VIOLATED)
       PIN :   MEM_inst/U329/ZN
                                0.20           0.42          -0.22  (VIOLATED)
       PORT :  mem_dcache_data_write[57]
                                0.20           0.42          -0.22  (VIOLATED)
   mem_dcache_data_write[58]
                                0.20           0.42          -0.22  (VIOLATED)
       PORT :  mem_dcache_data_write[58]
                                0.20           0.42          -0.22  (VIOLATED)
       PIN :   U126/ZN          0.20           0.42          -0.22  (VIOLATED)
   mem_dcache_data_write[59]
                                0.20           0.42          -0.22  (VIOLATED)
       PIN :   MEM_inst/U320/ZN
                                0.20           0.42          -0.22  (VIOLATED)
       PORT :  mem_dcache_data_write[59]
                                0.20           0.42          -0.22  (VIOLATED)
   mem_dcache_data_write[60]
                                0.20           0.42          -0.22  (VIOLATED)
       PORT :  mem_dcache_data_write[60]
                                0.20           0.42          -0.22  (VIOLATED)
       PIN :   U128/ZN          0.20           0.42          -0.22  (VIOLATED)
   mem_dcache_data_write[61]
                                0.20           0.42          -0.22  (VIOLATED)
       PIN :   MEM_inst/U312/ZN
                                0.20           0.42          -0.22  (VIOLATED)
       PORT :  mem_dcache_data_write[61]
                                0.20           0.42          -0.22  (VIOLATED)
   mem_dcache_data_write[62]
                                0.20           0.42          -0.22  (VIOLATED)
       PIN :   MEM_inst/U297/ZN
                                0.20           0.42          -0.22  (VIOLATED)
       PORT :  mem_dcache_data_write[62]
                                0.20           0.42          -0.22  (VIOLATED)
   mem_dcache_data_write[63]
                                0.20           0.42          -0.22  (VIOLATED)
       PIN :   MEM_inst/U291/ZN
                                0.20           0.42          -0.22  (VIOLATED)
       PORT :  mem_dcache_data_write[63]
                                0.20           0.42          -0.22  (VIOLATED)
   mem_dcache_req_addr[0]       0.20           0.42          -0.22  (VIOLATED)
       PIN :   MEM_inst/U194/ZN
                                0.20           0.42          -0.22  (VIOLATED)
       PORT :  mem_dcache_req_addr[0]
                                0.20           0.42          -0.22  (VIOLATED)
   mem_dcache_req_addr[1]       0.20           0.42          -0.22  (VIOLATED)
       PIN :   MEM_inst/U203/ZN
                                0.20           0.42          -0.22  (VIOLATED)
       PORT :  mem_dcache_req_addr[1]
                                0.20           0.42          -0.22  (VIOLATED)
   mem_dcache_req_addr[2]       0.20           0.42          -0.22  (VIOLATED)
       PIN :   MEM_inst/U202/ZN
                                0.20           0.42          -0.22  (VIOLATED)
       PORT :  mem_dcache_req_addr[2]
                                0.20           0.42          -0.22  (VIOLATED)
   mem_dcache_req_addr[3]       0.20           0.42          -0.22  (VIOLATED)
       PIN :   MEM_inst/U205/ZN
                                0.20           0.42          -0.22  (VIOLATED)
       PORT :  mem_dcache_req_addr[3]
                                0.20           0.42          -0.22  (VIOLATED)
   mem_dcache_req_addr[4]       0.20           0.42          -0.22  (VIOLATED)
       PIN :   MEM_inst/U204/ZN
                                0.20           0.42          -0.22  (VIOLATED)
       PORT :  mem_dcache_req_addr[4]
                                0.20           0.42          -0.22  (VIOLATED)
   mem_dcache_req_addr[5]       0.20           0.42          -0.22  (VIOLATED)
       PIN :   MEM_inst/U207/ZN
                                0.20           0.42          -0.22  (VIOLATED)
       PORT :  mem_dcache_req_addr[5]
                                0.20           0.42          -0.22  (VIOLATED)
   mem_dcache_req_addr[6]       0.20           0.42          -0.22  (VIOLATED)
       PIN :   MEM_inst/U206/ZN
                                0.20           0.42          -0.22  (VIOLATED)
       PORT :  mem_dcache_req_addr[6]
                                0.20           0.42          -0.22  (VIOLATED)
   mem_dcache_req_addr[7]       0.20           0.42          -0.22  (VIOLATED)
       PIN :   MEM_inst/U209/ZN
                                0.20           0.42          -0.22  (VIOLATED)
       PORT :  mem_dcache_req_addr[7]
                                0.20           0.42          -0.22  (VIOLATED)
   mem_dcache_req_addr[8]       0.20           0.42          -0.22  (VIOLATED)
       PIN :   MEM_inst/U208/ZN
                                0.20           0.42          -0.22  (VIOLATED)
       PORT :  mem_dcache_req_addr[8]
                                0.20           0.42          -0.22  (VIOLATED)
   mem_dcache_req_addr[9]       0.20           0.42          -0.22  (VIOLATED)
       PIN :   MEM_inst/U212/ZN
                                0.20           0.42          -0.22  (VIOLATED)
       PORT :  mem_dcache_req_addr[9]
                                0.20           0.42          -0.22  (VIOLATED)
   mem_dcache_req_addr[10]      0.20           0.42          -0.22  (VIOLATED)
       PIN :   MEM_inst/U211/ZN
                                0.20           0.42          -0.22  (VIOLATED)
       PORT :  mem_dcache_req_addr[10]
                                0.20           0.42          -0.22  (VIOLATED)
   mem_dcache_req_addr[11]      0.20           0.42          -0.22  (VIOLATED)
       PORT :  mem_dcache_req_addr[11]
                                0.20           0.42          -0.22  (VIOLATED)
       PIN :   U56/ZN           0.20           0.42          -0.22  (VIOLATED)
   mem_dcache_req_rw            0.20           0.42          -0.22  (VIOLATED)
       PIN :   MEM_inst/U191/ZN
                                0.20           0.42          -0.22  (VIOLATED)
       PORT :  mem_dcache_req_rw
                                0.20           0.42          -0.22  (VIOLATED)
   mem_dcache_req_valid         0.20           0.42          -0.22  (VIOLATED)
       PORT :  mem_dcache_req_valid
                                0.20           0.42          -0.22  (VIOLATED)
       PIN :   U78/ZN           0.20           0.42          -0.22  (VIOLATED)
   EX_inst/sub_113/n292         0.20           0.20           0.00  (VIOLATED: increase significant digits)

   -----------------------------------------------------------------
   Total                      93                -20.11  

1
