 
****************************************
Report : timing
        -path full
        -delay min
        -max_paths 1
Design : TOP_RISCV
Version: K-2015.06
Date   : Fri Apr  5 13:05:28 2024
****************************************

 # A fanout number of 1000 was used for high fanout net computations.

Operating Conditions: cb13fs120_tsmc_max   Library: cb13fs120_tsmc_max
Wire Load Model Mode: enclosed

  Startpoint: REGS_inst/regs_reg[0][0]
              (rising edge-triggered flip-flop clocked by clk)
  Endpoint: REGS_inst/regs_reg[0][0]
            (rising edge-triggered flip-flop clocked by clk)
  Path Group: clk
  Path Type: min

  Des/Clust/Port     Wire Load Model       Library
  ------------------------------------------------
  TOP_RISCV          140000                cb13fs120_tsmc_max
  REGS               35000                 cb13fs120_tsmc_max

  Point                                                   Incr       Path
  --------------------------------------------------------------------------
  clock clk (rise edge)                                   0.00       0.00
  clock network delay (ideal)                             0.00       0.00
  REGS_inst/regs_reg[0][0]/CP (dfnrb1)                    0.00 #     0.00 r
  REGS_inst/regs_reg[0][0]/QN (dfnrb1)                    0.23       0.23 r
  REGS_inst/U19884/ZN (nr02d0)                            0.10       0.33 f
  REGS_inst/regs_reg[0][0]/D (dfnrb1)                     0.00       0.33 f
  data arrival time                                                  0.33

  clock clk (rise edge)                                   0.00       0.00
  clock network delay (ideal)                             0.00       0.00
  clock uncertainty                                       0.15       0.15
  REGS_inst/regs_reg[0][0]/CP (dfnrb1)                    0.00       0.15 r
  library hold time                                       0.00       0.15
  data required time                                                 0.15
  --------------------------------------------------------------------------
  data required time                                                 0.15
  data arrival time                                                 -0.33
  --------------------------------------------------------------------------
  slack (MET)                                                        0.18


1
